// Jest Snapshot v1, https://goo.gl/fbAQLP

exports[`Pruebas del <MultipleCustomHooks /> Debe mostrarse correctamente 1`] = `
<div>
  <h2>
    BreakingBad Quotes
  </h2>
  <hr />
  <blockquote
    className="blockquote text-rigth"
  >
    <p
      className="mb-0"
    >
       
       
    </p>
    <footer
      className="blockquote-footer"
    />
  </blockquote>
  <button
    className="btn btn-primary"
    onClick={[Function]}
  >
    Next quote
  </button>
</div>
`;
