// Jest Snapshot v1, https://goo.gl/fbAQLP

exports[`Pruebas del <TodoAdd/> Debe mostrarse correctamente 1`] = `
<Fragment>
  <h4>
    Agregar TODO
  </h4>
  <hr />
  <form
    onSubmit={[Function]}
  >
    <input
      className="form-control"
      complete="false"
      name="description"
      onChange={[Function]}
      placeholder="Aprender..."
      type="text"
      value=""
    />
    <div
      className="d-grid gap-2 d-md-flex justify-content-md-end mt-1"
    >
      <button
        className="btn btn-success btn-sm"
        type="submit"
      >
        Agregar
      </button>
    </div>
  </form>
</Fragment>
`;
